GeoAI Research Test Output
Generated on: 2025-10-03 02:47:58.225833
Python version: 3.11.4 (tags/v3.11.4:d2340ef, Jun  7 2023, 05:30:09) [MSC v.1934 32 bit (Intel)]
Test completed successfully!
